#-----------------------------------------------------------
# Vivado v2015.2 (64-bit)
# SW Build 1266856 on Fri Jun 26 16:35:25 MDT 2015
# IP Build 1264090 on Wed Jun 24 14:22:01 MDT 2015
# Start of session at: Sat Dec 16 16:25:00 2017
# Process ID: 4896
# Log file: F:/Project/vivado.log
# Journal file: F:/Project\vivado.jou
#-----------------------------------------------------------
start_gui
open_project F:/Project/Project.xpr
reset_run synth_1
launch_runs impl_1 -to_step write_bitstream
wait_on_run impl_1
reset_run synth_1
launch_runs synth_1
wait_on_run synth_1
launch_runs impl_1 -to_step write_bitstream
wait_on_run impl_1
reset_run synth_1
launch_runs impl_1 -to_step write_bitstream
wait_on_run impl_1
reset_run synth_1
launch_runs synth_1
wait_on_run synth_1
reset_run synth_1
launch_runs impl_1 -to_step write_bitstream
wait_on_run impl_1
reset_run impl_1 -prev_step 
launch_runs impl_1 -to_step write_bitstream
wait_on_run impl_1
reset_run synth_1
launch_runs impl_1 -to_step write_bitstream
wait_on_run impl_1
reset_run synth_1
launch_runs impl_1 -to_step write_bitstream
wait_on_run impl_1
reset_run synth_1
launch_runs synth_1
wait_on_run synth_1
reset_run synth_1
launch_runs synth_1
wait_on_run synth_1
reset_run synth_1
launch_runs synth_1
wait_on_run synth_1
reset_run synth_1
launch_runs synth_1
wait_on_run synth_1
launch_runs impl_1
wait_on_run impl_1
create_run synth_2 -flow {Vivado Synthesis 2015} -strategy {Vivado Synthesis Defaults}
current_run [get_runs synth_2]
set_property part xc7a35tcpg236-1 [current_project]
launch_runs synth_2
wait_on_run synth_2
reset_run synth_2
reset_run synth_2
launch_runs synth_2
wait_on_run synth_2
reset_run synth_2
launch_runs synth_2
wait_on_run synth_2
close [ open F:/Project/Project.srcs/sources_1/new/Memory.v w ]
add_files F:/Project/Project.srcs/sources_1/new/Memory.v
update_compile_order -fileset sources_1
close [ open F:/Project/Project.srcs/sources_1/new/OnOff.sv w ]
add_files F:/Project/Project.srcs/sources_1/new/OnOff.sv
update_compile_order -fileset sources_1
update_compile_order -fileset sources_1
update_compile_order -fileset sources_1
